// Jest Snapshot v1, https://goo.gl/fbAQLP

exports[`renders ShowRow correctly 1`] = `
<View
  accessible={true}
  isTVSelectable={true}
  onResponderGrant={[Function]}
  onResponderMove={[Function]}
  onResponderRelease={[Function]}
  onResponderTerminate={[Function]}
  onResponderTerminationRequest={[Function]}
  onStartShouldSetResponder={[Function]}
  style={
    Object {
      "borderBottomColor": "#DDD",
      "borderBottomWidth": 1,
      "flexDirection": "row",
      "height": 100,
      "opacity": 1,
      "overflow": "hidden",
      "paddingBottom": 15,
      "paddingTop": 15,
    }
  }
>
  <View
    style={
      Object {
        "marginRight": 10,
      }
    }
  >
    <Image
      source={
        Object {
          "uri": "https://d3sv2eduhewoas.cloudfront.net/channel/image/4ffedff25d474163b1a8511a6a26b76a.jpg",
        }
      }
      style={
        Object {
          "backgroundColor": "#EEEEEE",
          "borderRadius": 5,
          "height": 75,
          "width": 75,
        }
      }
    />
  </View>
  <View
    style={
      Object {
        "flex": 1,
      }
    }
  >
    <Text
      ellipsizeMode="tail"
      numberOfLines={1}
      style={
        Object {
          "fontSize": 15,
          "fontWeight": "700",
        }
      }
    >
      Planet Money
    </Text>
    <Text
      ellipsizeMode="tail"
      numberOfLines={4}
      style={
        Object {
          "color": "gray",
          "fontSize": 12,
        }
      }
    >
      The economy explained. Imagine you could call up a friend and say, "Meet me at the bar and tell me what's going on with the economy." Now imagine that's actually a fun evening.
    </Text>
  </View>
  <View
    accessible={true}
    isTVSelectable={true}
    onResponderGrant={[Function]}
    onResponderMove={[Function]}
    onResponderRelease={[Function]}
    onResponderTerminate={[Function]}
    onResponderTerminationRequest={[Function]}
    onStartShouldSetResponder={[Function]}
    style={
      Object {
        "justifyContent": "center",
        "opacity": 1,
      }
    }
  >
    <Image
      source={
        Object {
          "testUri": "../../../src/assets/bookmark-black.png",
        }
      }
      style={
        Object {
          "height": 25,
          "width": 25,
        }
      }
    />
  </View>
</View>
`;
